src/components/CoachBriefing.tsx(166,33): error TS2367: This comparison appears to be unintentional because the types 'TaskStatus' and '"skipped"' have no overlap.
src/services/directiveHistory.ts(57,44): error TS2367: This comparison appears to be unintentional because the types 'TaskStatus' and '"skipped"' have no overlap.
src/services/directiveHistory.ts(80,5): error TS2322: Type '"skipped"' is not assignable to type 'TaskStatus'.
src/services/directiveHistory.ts(85,44): error TS2367: This comparison appears to be unintentional because the types 'TaskStatus' and '"skipped"' have no overlap.
src/services/directiveHistory.ts(131,9): error TS2322: Type 'CoachMemory | { recurringWeaknesses: undefined[]; strengths: undefined[]; persistentNotes: undefined[]; netTrend: "unknown"; updatedAt: string; }' is not assignable to type 'CoachMemory'.
  Type '{ recurringWeaknesses: undefined[]; strengths: undefined[]; persistentNotes: undefined[]; netTrend: "unknown"; updatedAt: string; }' is missing the following properties from type 'CoachMemory': recurringWeakTopics, recurringAvoidedSubjects, staleAdvicePatterns, interventionEffectiveness, and 2 more.
src/services/directiveHistory.ts(150,10): error TS2367: This comparison appears to be unintentional because the types 'TaskStatus' and '"skipped"' have no overlap.
src/services/directiveHistory.ts(196,3): error TS2740: Type '{ recurringWeaknesses: string[]; strengths: string[]; persistentNotes: string[]; netTrend: "unknown" | "rising" | "falling" | "stable"; updatedAt: string; }' is missing the following properties from type 'CoachMemory': recurringWeakTopics, recurringAvoidedSubjects, staleAdvicePatterns, interventionEffectiveness, and 2 more.
src/services/syncSchema.ts(106,33): error TS2352: Conversion of type 'DailyLog[] | ExamResult[] | HabitAlert[] | SubjectStatus[] | FailedQuestion[] | AgendaEntry[] | FocusSessionRecord[] | Trophy[] | ChatMessage[] | AppNotification[] | DirectiveRecord[]' to type 'Record<string, unknown>[]' may be a mistake because neither type sufficiently overlaps with the other. If this was intentional, convert the expression to 'unknown' first.
  Type 'DirectiveRecord[]' is not comparable to type 'Record<string, unknown>[]'.
    Type 'DirectiveRecord' is not comparable to type 'Record<string, unknown>'.
      Index signature for type 'string' is missing in type 'DirectiveRecord'.
src/services/systemService.ts(50,36): error TS2554: Expected 1 arguments, but got 4.
src/services/systemService.ts(68,36): error TS2554: Expected 1 arguments, but got 5.
